[INFO] Scanning for projects...
[INFO] 
[INFO] -------------------< com.webdynamo:document-insight >-------------------
[INFO] Building document-insight 0.0.1-SNAPSHOT
[INFO]   from pom.xml
[INFO] --------------------------------[ jar ]---------------------------------
[INFO] 
[INFO] --- resources:3.3.1:resources (default-resources) @ document-insight ---
[INFO] Copying 1 resource from src\main\resources to target\classes
[INFO] Copying 0 resource from src\main\resources to target\classes
[INFO] 
[INFO] --- compiler:3.14.1:compile (default-compile) @ document-insight ---
[INFO] Nothing to compile - all classes are up to date.
[INFO] 
[INFO] --- resources:3.3.1:testResources (default-testResources) @ document-insight ---
[INFO] Copying 1 resource from src\test\resources to target\test-classes
[INFO] 
[INFO] --- compiler:3.14.1:testCompile (default-testCompile) @ document-insight ---
[INFO] Recompiling the module because of changed source code.
[INFO] Compiling 9 source files with javac [debug parameters release 21] to target\test-classes
[INFO] -------------------------------------------------------------
[ERROR] COMPILATION ERROR : 
[INFO] -------------------------------------------------------------
[ERROR] /C:/Users/ADMIN/.gemini/antigravity/scratch/document-insight-engine/document-insight-backend/src/test/java/com/webdynamo/document_insight/service/RAGQueryServiceTest.java:[79,19] cannot find symbol
  symbol:   class ChatClientResponseSpec
  location: interface org.springframework.ai.chat.client.ChatClient
[ERROR] /C:/Users/ADMIN/.gemini/antigravity/scratch/document-insight-engine/document-insight-backend/src/test/java/com/webdynamo/document_insight/service/RAGQueryServiceTest.java:[79,73] cannot find symbol
  symbol:   class ChatClientResponseSpec
  location: interface org.springframework.ai.chat.client.ChatClient
[INFO] 2 errors 
[INFO] -------------------------------------------------------------
[INFO] ------------------------------------------------------------------------
[INFO] BUILD FAILURE
[INFO] ------------------------------------------------------------------------
[INFO] Total time:  6.556 s
[INFO] Finished at: 2026-02-24T02:07:48+05:30
[INFO] ------------------------------------------------------------------------
[ERROR] Failed to execute goal org.apache.maven.plugins:maven-compiler-plugin:3.14.1:testCompile (default-testCompile) on project document-insight: Compilation failure: Compilation failure: 
[ERROR] /C:/Users/ADMIN/.gemini/antigravity/scratch/document-insight-engine/document-insight-backend/src/test/java/com/webdynamo/document_insight/service/RAGQueryServiceTest.java:[79,19] cannot find symbol
[ERROR]   symbol:   class ChatClientResponseSpec
[ERROR]   location: interface org.springframework.ai.chat.client.ChatClient
[ERROR] /C:/Users/ADMIN/.gemini/antigravity/scratch/document-insight-engine/document-insight-backend/src/test/java/com/webdynamo/document_insight/service/RAGQueryServiceTest.java:[79,73] cannot find symbol
[ERROR]   symbol:   class ChatClientResponseSpec
[ERROR]   location: interface org.springframework.ai.chat.client.ChatClient
[ERROR] -> [Help 1]
[ERROR] 
[ERROR] To see the full stack trace of the errors, re-run Maven with the -e switch.
[ERROR] Re-run Maven using the -X switch to enable full debug logging.
[ERROR] 
[ERROR] For more information about the errors and possible solutions, please read the following articles:
[ERROR] [Help 1] http://cwiki.apache.org/confluence/display/MAVEN/MojoFailureException
